# serializer version: 1
# name: test_schema_trav_models_glossary_cli[TravModelsGlossary-True]
  '''
  {
    "$defs": {
      "Armour": {
        "description": "Armour.",
        "properties": {
          "type": {
            "const": "item",
            "default": "item",
            "title": "Type",
            "type": "string"
          },
          "name": {
            "title": "Name",
            "type": "string"
          },
          "description": {
            "default": "",
            "title": "Description",
            "type": "string"
          },
          "image_path": {
            "anyOf": [
              {
                "format": "path",
                "type": "string"
              },
              {
                "type": "null"
              }
            ],
            "default": null,
            "title": "Image Path"
          },
          "item_type": {
            "const": "armour",
            "default": "armour",
            "title": "Item Type",
            "type": "string"
          },
          "tech_level": {
            "minimum": 0,
            "title": "Tech Level",
            "type": "integer"
          },
          "weight": {
            "title": "Weight",
            "type": "number"
          },
          "base_price": {
            "anyOf": [
              {
                "type": "number"
              },
              {
                "type": "null"
              }
            ],
            "default": null,
            "title": "Base Price"
          },
          "protection": {
            "title": "Protection",
            "type": "integer"
          },
          "protection_laser": {
            "anyOf": [
              {
                "type": "integer"
              },
              {
                "type": "null"
              }
            ],
            "default": null,
            "title": "Protection Laser"
          },
          "protection_plasma": {
            "anyOf": [
              {
                "type": "integer"
              },
              {
                "type": "null"
              }
            ],
            "default": null,
            "title": "Protection Plasma"
          },
          "protection_psionics": {
            "anyOf": [
              {
                "type": "integer"
              },
              {
                "type": "null"
              }
            ],
            "default": null,
            "title": "Protection Psionics"
          },
          "radiation_protection": {
            "default": 0,
            "title": "Radiation Protection",
            "type": "integer"
          },
          "required_skill": {
            "anyOf": [
              {
                "$ref": "#/$defs/Skill"
              },
              {
                "type": "null"
              }
            ],
            "default": null
          },
          "slots_count": {
            "anyOf": [
              {
                "type": "integer"
              },
              {
                "type": "null"
              }
            ],
            "default": null,
            "title": "Slots Count"
          },
          "characteristic_bonuses": {
            "additionalProperties": {
              "type": "integer"
            },
            "title": "Characteristic Bonuses",
            "type": "object"
          }
        },
        "required": [
          "name",
          "tech_level",
          "weight",
          "protection"
        ],
        "title": "Armour",
        "type": "object"
      },
      "BaseItem": {
        "description": "Item.",
        "properties": {
          "type": {
            "const": "item",
            "default": "item",
            "title": "Type",
            "type": "string"
          },
          "name": {
            "title": "Name",
            "type": "string"
          },
          "description": {
            "default": "",
            "title": "Description",
            "type": "string"
          },
          "image_path": {
            "anyOf": [
              {
                "format": "path",
                "type": "string"
              },
              {
                "type": "null"
              }
            ],
            "default": null,
            "title": "Image Path"
          },
          "item_type": {
            "$ref": "#/$defs/ItemType"
          },
          "tech_level": {
            "minimum": 0,
            "title": "Tech Level",
            "type": "integer"
          },
          "weight": {
            "title": "Weight",
            "type": "number"
          },
          "base_price": {
            "anyOf": [
              {
                "type": "number"
              },
              {
                "type": "null"
              }
            ],
            "default": null,
            "title": "Base Price"
          }
        },
        "required": [
          "name",
          "item_type",
          "tech_level",
          "weight"
        ],
        "title": "BaseItem",
        "type": "object"
      },
      "BaseWeapon": {
        "description": "Weapon.",
        "properties": {
          "type": {
            "const": "item",
            "default": "item",
            "title": "Type",
            "type": "string"
          },
          "name": {
            "title": "Name",
            "type": "string"
          },
          "description": {
            "default": "",
            "title": "Description",
            "type": "string"
          },
          "image_path": {
            "anyOf": [
              {
                "format": "path",
                "type": "string"
              },
              {
                "type": "null"
              }
            ],
            "default": null,
            "title": "Image Path"
          },
          "item_type": {
            "const": "weapon",
            "default": "weapon",
            "title": "Item Type",
            "type": "string"
          },
          "tech_level": {
            "minimum": 0,
            "title": "Tech Level",
            "type": "integer"
          },
          "weight": {
            "title": "Weight",
            "type": "number"
          },
          "base_price": {
            "anyOf": [
              {
                "type": "number"
              },
              {
                "type": "null"
              }
            ],
            "default": null,
            "title": "Base Price"
          },
          "weapon_type": {
            "$ref": "#/$defs/WeaponType"
          },
          "range": {
            "anyOf": [
              {
                "const": "Melee",
                "type": "string"
              },
              {
                "type": "number"
              },
              {
                "type": "null"
              }
            ],
            "title": "Range"
          },
          "damage": {
            "title": "Damage",
            "type": "string"
          },
          "traits": {
            "anyOf": [
              {
                "items": {
                  "$ref": "#/$defs/BaseWeaponTrait"
                },
                "type": "array"
              },
              {
                "type": "null"
              }
            ],
            "title": "Traits"
          }
        },
        "required": [
          "name",
          "tech_level",
          "weight",
          "weapon_type",
          "range",
          "damage"
        ],
        "title": "BaseWeapon",
        "type": "object"
      },
      "BaseWeaponTrait": {
        "description": "Trait of a weapon with optional amount.",
        "properties": {
          "weapon_trait_type": {
            "$ref": "#/$defs/WeaponTraitType"
          },
          "amount": {
            "anyOf": [
              {
                "type": "integer"
              },
              {
                "type": "null"
              }
            ],
            "default": null,
            "title": "Amount"
          }
        },
        "required": [
          "weapon_trait_type"
        ],
        "title": "BaseWeaponTrait",
        "type": "object"
      },
      "Book": {
        "description": "Book.",
        "properties": {
          "name": {
            "title": "Name",
            "type": "string"
          }
        },
        "required": [
          "name"
        ],
        "title": "Book",
        "type": "object"
      },
      "Character": {
        "description": "Character.",
        "properties": {
          "type": {
            "const": "character",
            "title": "Type",
            "type": "string"
          },
          "name": {
            "title": "Name",
            "type": "string"
          },
          "description": {
            "default": "",
            "title": "Description",
            "type": "string"
          },
          "image_path": {
            "anyOf": [
              {
                "format": "path",
                "type": "string"
              },
              {
                "type": "null"
              }
            ],
            "default": null,
            "title": "Image Path"
          },
          "characteristics": {
            "items": {
              "$ref": "#/$defs/Characteristic"
            },
            "title": "Characteristics",
            "type": "array"
          },
          "skills": {
            "items": {
              "$ref": "#/$defs/Skill"
            },
            "title": "Skills",
            "type": "array"
          }
        },
        "required": [
          "name"
        ],
        "title": "Character",
        "type": "object"
      },
      "Characteristic": {
        "description": "Characteristic with optional level.",
        "properties": {
          "type": {
            "const": "characteristic",
            "default": "characteristic",
            "title": "Type",
            "type": "string"
          },
          "name": {
            "title": "Name",
            "type": "string"
          },
          "description": {
            "default": "",
            "title": "Description",
            "type": "string"
          },
          "image_path": {
            "anyOf": [
              {
                "format": "path",
                "type": "string"
              },
              {
                "type": "null"
              }
            ],
            "default": null,
            "title": "Image Path"
          },
          "characteristic_type": {
            "$ref": "#/$defs/CharacteristicType"
          },
          "level": {
            "anyOf": [
              {
                "type": "integer"
              },
              {
                "type": "null"
              }
            ],
            "default": null,
            "title": "Level"
          }
        },
        "required": [
          "name",
          "characteristic_type"
        ],
        "title": "Characteristic",
        "type": "object"
      },
      "CharacteristicType": {
        "description": "Characteristic type.",
        "enum": [
          "STR",
          "DEX",
          "END",
          "INT",
          "EDU",
          "SOC",
          "LCK",
          "INF"
        ],
        "title": "CharacteristicType",
        "type": "string"
      },
      "ItemRoot": {
        "description": "An item (e.g. sword, phone, book).",
        "discriminator": {
          "mapping": {
            "armour": "#/$defs/Armour",
            "weapon": {
              "description": "A weapon (e.g. sword, pistol).",
              "discriminator": {
                "mapping": {
                  "melee": "#/$defs/MeleeWeapon",
                  "ranged": "#/$defs/RangedWeapon"
                },
                "propertyName": "weapon_type"
              },
              "oneOf": [
                {
                  "$ref": "#/$defs/MeleeWeapon"
                },
                {
                  "$ref": "#/$defs/RangedWeapon"
                }
              ],
              "title": "Weapon"
            }
          },
          "propertyName": "item_type"
        },
        "oneOf": [
          {
            "$ref": "#/$defs/Armour"
          },
          {
            "description": "A weapon (e.g. sword, pistol).",
            "discriminator": {
              "mapping": {
                "melee": "#/$defs/MeleeWeapon",
                "ranged": "#/$defs/RangedWeapon"
              },
              "propertyName": "weapon_type"
            },
            "oneOf": [
              {
                "$ref": "#/$defs/MeleeWeapon"
              },
              {
                "$ref": "#/$defs/RangedWeapon"
              }
            ],
            "title": "Weapon"
          }
        ],
        "title": "Item"
      },
      "ItemType": {
        "description": "Item type.",
        "enum": [
          "armour",
          "augment",
          "tool",
          "weapon"
        ],
        "title": "ItemType",
        "type": "string"
      },
      "MeleeWeapon": {
        "description": "Melee weapon.",
        "properties": {
          "type": {
            "const": "item",
            "default": "item",
            "title": "Type",
            "type": "string"
          },
          "name": {
            "title": "Name",
            "type": "string"
          },
          "description": {
            "default": "",
            "title": "Description",
            "type": "string"
          },
          "image_path": {
            "anyOf": [
              {
                "format": "path",
                "type": "string"
              },
              {
                "type": "null"
              }
            ],
            "default": null,
            "title": "Image Path"
          },
          "item_type": {
            "const": "weapon",
            "default": "weapon",
            "title": "Item Type",
            "type": "string"
          },
          "tech_level": {
            "minimum": 0,
            "title": "Tech Level",
            "type": "integer"
          },
          "weight": {
            "title": "Weight",
            "type": "number"
          },
          "base_price": {
            "anyOf": [
              {
                "type": "number"
              },
              {
                "type": "null"
              }
            ],
            "default": null,
            "title": "Base Price"
          },
          "weapon_type": {
            "const": "melee",
            "default": "melee",
            "title": "Weapon Type",
            "type": "string"
          },
          "range": {
            "const": "Melee",
            "title": "Range",
            "type": "string"
          },
          "damage": {
            "title": "Damage",
            "type": "string"
          },
          "traits": {
            "anyOf": [
              {
                "items": {
                  "$ref": "#/$defs/BaseWeaponTrait"
                },
                "type": "array"
              },
              {
                "type": "null"
              }
            ],
            "title": "Traits"
          }
        },
        "required": [
          "name",
          "tech_level",
          "weight",
          "range",
          "damage"
        ],
        "title": "MeleeWeapon",
        "type": "object"
      },
      "ObjectSourceCollection": {
        "description": "Source collection of a Traveller object.",
        "properties": {
          "name": {
            "title": "Name",
            "type": "string"
          }
        },
        "required": [
          "name"
        ],
        "title": "ObjectSourceCollection",
        "type": "object"
      },
      "RangedWeapon": {
        "description": "Ranged weapon.",
        "properties": {
          "type": {
            "const": "item",
            "default": "item",
            "title": "Type",
            "type": "string"
          },
          "name": {
            "title": "Name",
            "type": "string"
          },
          "description": {
            "default": "",
            "title": "Description",
            "type": "string"
          },
          "image_path": {
            "anyOf": [
              {
                "format": "path",
                "type": "string"
              },
              {
                "type": "null"
              }
            ],
            "default": null,
            "title": "Image Path"
          },
          "item_type": {
            "const": "weapon",
            "default": "weapon",
            "title": "Item Type",
            "type": "string"
          },
          "tech_level": {
            "minimum": 0,
            "title": "Tech Level",
            "type": "integer"
          },
          "weight": {
            "title": "Weight",
            "type": "number"
          },
          "base_price": {
            "anyOf": [
              {
                "type": "number"
              },
              {
                "type": "null"
              }
            ],
            "default": null,
            "title": "Base Price"
          },
          "weapon_type": {
            "const": "ranged",
            "default": "ranged",
            "title": "Weapon Type",
            "type": "string"
          },
          "range": {
            "anyOf": [
              {
                "type": "number"
              },
              {
                "type": "null"
              }
            ],
            "title": "Range"
          },
          "damage": {
            "title": "Damage",
            "type": "string"
          },
          "traits": {
            "anyOf": [
              {
                "items": {
                  "$ref": "#/$defs/BaseWeaponTrait"
                },
                "type": "array"
              },
              {
                "type": "null"
              }
            ],
            "title": "Traits"
          },
          "magazine_size": {
            "anyOf": [
              {
                "type": "integer"
              },
              {
                "const": "Unlimited",
                "type": "string"
              },
              {
                "type": "null"
              }
            ],
            "default": null,
            "title": "Magazine Size"
          },
          "magazine_base_price": {
            "anyOf": [
              {
                "type": "number"
              },
              {
                "type": "null"
              }
            ],
            "default": null,
            "title": "Magazine Base Price"
          }
        },
        "required": [
          "name",
          "tech_level",
          "weight",
          "range",
          "damage"
        ],
        "title": "RangedWeapon",
        "type": "object"
      },
      "Skill": {
        "description": "Skill with optional level.",
        "properties": {
          "type": {
            "const": "skill",
            "default": "skill",
            "title": "Type",
            "type": "string"
          },
          "name": {
            "title": "Name",
            "type": "string"
          },
          "description": {
            "default": "",
            "title": "Description",
            "type": "string"
          },
          "image_path": {
            "anyOf": [
              {
                "format": "path",
                "type": "string"
              },
              {
                "type": "null"
              }
            ],
            "default": null,
            "title": "Image Path"
          },
          "level": {
            "anyOf": [
              {
                "type": "integer"
              },
              {
                "type": "null"
              }
            ],
            "title": "Level"
          }
        },
        "required": [
          "name",
          "level"
        ],
        "title": "Skill",
        "type": "object"
      },
      "TravDatabase": {
        "description": "A database of traveller related objects.",
        "properties": {
          "all_books": {
            "description": "A list of all books.",
            "items": {
              "$ref": "#/$defs/Book"
            },
            "title": "All Books",
            "type": "array"
          },
          "all_object_source_collections": {
            "description": "A list of all object source collections.",
            "items": {
              "$ref": "#/$defs/ObjectSourceCollection"
            },
            "title": "All Object Source Collections",
            "type": "array"
          },
          "objects_by_id": {
            "additionalProperties": {
              "description": "A traveller-related object.",
              "discriminator": {
                "mapping": {
                  "character": "#/$defs/Character",
                  "characteristic": "#/$defs/Characteristic",
                  "item": {
                    "description": "An item (e.g. sword, phone, book).",
                    "discriminator": {
                      "mapping": {
                        "armour": "#/$defs/Armour",
                        "weapon": {
                          "description": "A weapon (e.g. sword, pistol).",
                          "discriminator": {
                            "mapping": {
                              "melee": "#/$defs/MeleeWeapon",
                              "ranged": "#/$defs/RangedWeapon"
                            },
                            "propertyName": "weapon_type"
                          },
                          "oneOf": [
                            {
                              "$ref": "#/$defs/MeleeWeapon"
                            },
                            {
                              "$ref": "#/$defs/RangedWeapon"
                            }
                          ],
                          "title": "Weapon"
                        }
                      },
                      "propertyName": "item_type"
                    },
                    "oneOf": [
                      {
                        "$ref": "#/$defs/Armour"
                      },
                      {
                        "description": "A weapon (e.g. sword, pistol).",
                        "discriminator": {
                          "mapping": {
                            "melee": "#/$defs/MeleeWeapon",
                            "ranged": "#/$defs/RangedWeapon"
                          },
                          "propertyName": "weapon_type"
                        },
                        "oneOf": [
                          {
                            "$ref": "#/$defs/MeleeWeapon"
                          },
                          {
                            "$ref": "#/$defs/RangedWeapon"
                          }
                        ],
                        "title": "Weapon"
                      }
                    ],
                    "title": "Item"
                  },
                  "skill": "#/$defs/Skill"
                },
                "propertyName": "type"
              },
              "oneOf": [
                {
                  "$ref": "#/$defs/Character"
                },
                {
                  "$ref": "#/$defs/Characteristic"
                },
                {
                  "description": "An item (e.g. sword, phone, book).",
                  "discriminator": {
                    "mapping": {
                      "armour": "#/$defs/Armour",
                      "weapon": {
                        "description": "A weapon (e.g. sword, pistol).",
                        "discriminator": {
                          "mapping": {
                            "melee": "#/$defs/MeleeWeapon",
                            "ranged": "#/$defs/RangedWeapon"
                          },
                          "propertyName": "weapon_type"
                        },
                        "oneOf": [
                          {
                            "$ref": "#/$defs/MeleeWeapon"
                          },
                          {
                            "$ref": "#/$defs/RangedWeapon"
                          }
                        ],
                        "title": "Weapon"
                      }
                    },
                    "propertyName": "item_type"
                  },
                  "oneOf": [
                    {
                      "$ref": "#/$defs/Armour"
                    },
                    {
                      "description": "A weapon (e.g. sword, pistol).",
                      "discriminator": {
                        "mapping": {
                          "melee": "#/$defs/MeleeWeapon",
                          "ranged": "#/$defs/RangedWeapon"
                        },
                        "propertyName": "weapon_type"
                      },
                      "oneOf": [
                        {
                          "$ref": "#/$defs/MeleeWeapon"
                        },
                        {
                          "$ref": "#/$defs/RangedWeapon"
                        }
                      ],
                      "title": "Weapon"
                    }
                  ],
                  "title": "Item"
                },
                {
                  "$ref": "#/$defs/Skill"
                }
              ]
            },
            "description": "A mapping of all objects by their trav_id.",
            "title": "Objects By Id",
            "type": "object"
          }
        },
        "title": "TravDatabase",
        "type": "object"
      },
      "TravObjectRoot": {
        "description": "A traveller-related object.",
        "discriminator": {
          "mapping": {
            "character": "#/$defs/Character",
            "characteristic": "#/$defs/Characteristic",
            "item": {
              "description": "An item (e.g. sword, phone, book).",
              "discriminator": {
                "mapping": {
                  "armour": "#/$defs/Armour",
                  "weapon": {
                    "description": "A weapon (e.g. sword, pistol).",
                    "discriminator": {
                      "mapping": {
                        "melee": "#/$defs/MeleeWeapon",
                        "ranged": "#/$defs/RangedWeapon"
                      },
                      "propertyName": "weapon_type"
                    },
                    "oneOf": [
                      {
                        "$ref": "#/$defs/MeleeWeapon"
                      },
                      {
                        "$ref": "#/$defs/RangedWeapon"
                      }
                    ],
                    "title": "Weapon"
                  }
                },
                "propertyName": "item_type"
              },
              "oneOf": [
                {
                  "$ref": "#/$defs/Armour"
                },
                {
                  "description": "A weapon (e.g. sword, pistol).",
                  "discriminator": {
                    "mapping": {
                      "melee": "#/$defs/MeleeWeapon",
                      "ranged": "#/$defs/RangedWeapon"
                    },
                    "propertyName": "weapon_type"
                  },
                  "oneOf": [
                    {
                      "$ref": "#/$defs/MeleeWeapon"
                    },
                    {
                      "$ref": "#/$defs/RangedWeapon"
                    }
                  ],
                  "title": "Weapon"
                }
              ],
              "title": "Item"
            },
            "skill": "#/$defs/Skill"
          },
          "propertyName": "type"
        },
        "oneOf": [
          {
            "$ref": "#/$defs/Character"
          },
          {
            "$ref": "#/$defs/Characteristic"
          },
          {
            "description": "An item (e.g. sword, phone, book).",
            "discriminator": {
              "mapping": {
                "armour": "#/$defs/Armour",
                "weapon": {
                  "description": "A weapon (e.g. sword, pistol).",
                  "discriminator": {
                    "mapping": {
                      "melee": "#/$defs/MeleeWeapon",
                      "ranged": "#/$defs/RangedWeapon"
                    },
                    "propertyName": "weapon_type"
                  },
                  "oneOf": [
                    {
                      "$ref": "#/$defs/MeleeWeapon"
                    },
                    {
                      "$ref": "#/$defs/RangedWeapon"
                    }
                  ],
                  "title": "Weapon"
                }
              },
              "propertyName": "item_type"
            },
            "oneOf": [
              {
                "$ref": "#/$defs/Armour"
              },
              {
                "description": "A weapon (e.g. sword, pistol).",
                "discriminator": {
                  "mapping": {
                    "melee": "#/$defs/MeleeWeapon",
                    "ranged": "#/$defs/RangedWeapon"
                  },
                  "propertyName": "weapon_type"
                },
                "oneOf": [
                  {
                    "$ref": "#/$defs/MeleeWeapon"
                  },
                  {
                    "$ref": "#/$defs/RangedWeapon"
                  }
                ],
                "title": "Weapon"
              }
            ],
            "title": "Item"
          },
          {
            "$ref": "#/$defs/Skill"
          }
        ],
        "title": "TravObject"
      },
      "WeaponTraitType": {
        "description": "Weapon trait type.",
        "enum": [
          "AP",
          "Artillery",
          "Auto",
          "Blast",
          "Bulky",
          "Very Bulky",
          "Dangerous",
          "Very Dangerous",
          "Fire",
          "One Use",
          "One Shot",
          "Radiation",
          "Scope",
          "Silent",
          "Smart",
          "Smasher",
          "Stun",
          "Special",
          "Zero-G"
        ],
        "title": "WeaponTraitType",
        "type": "string"
      },
      "WeaponType": {
        "description": "Weapon type.",
        "enum": [
          "melee",
          "ranged"
        ],
        "title": "WeaponType",
        "type": "string"
      }
    },
    "description": "Glossary of core Traveller models.\n\nThis is not a model itself but simply a collection of all core Traveller models.",
    "properties": {
      "trav_database": {
        "$ref": "#/$defs/TravDatabase"
      },
      "trav_object": {
        "$ref": "#/$defs/TravObjectRoot"
      },
      "characteristic": {
        "$ref": "#/$defs/Characteristic"
      },
      "item": {
        "$ref": "#/$defs/ItemRoot"
      },
      "base_item": {
        "$ref": "#/$defs/BaseItem"
      },
      "base_weapon": {
        "$ref": "#/$defs/BaseWeapon"
      },
      "ranged_weapon": {
        "$ref": "#/$defs/RangedWeapon"
      },
      "melee_weapon": {
        "$ref": "#/$defs/MeleeWeapon"
      },
      "skill": {
        "$ref": "#/$defs/Skill"
      }
    },
    "required": [
      "trav_database",
      "trav_object",
      "characteristic",
      "item",
      "base_item",
      "base_weapon",
      "ranged_weapon",
      "melee_weapon",
      "skill"
    ],
    "title": "TravModelsGlossary",
    "type": "object"
  }
  '''
# ---
