# serializer version: 1
# name: test_parse_book_help_cli
  '''
                                                                                 
   Usage: root parse book [OPTIONS] BOOK_CODE_NAME                               
                                                                                 
   Parse a book and print processed objects.                                     
                                                                                 
  ┌─ Arguments ─────────────────────────────────────────────────────────────────┐
  │ *    book_code_name      TEXT  [default: None] [required]                   │
  └─────────────────────────────────────────────────────────────────────────────┘
  ┌─ Options ───────────────────────────────────────────────────────────────────┐
  │ --output-format        [json|none]    [default: json]                       │
  │ --output-type          [stdout|file]  [default: stdout]                     │
  │ --output-path          PATH           [default: None]                       │
  │ --help                                Show this message and exit.           │
  └─────────────────────────────────────────────────────────────────────────────┘
  
  
  '''
# ---
